// Jest Snapshot v1, https://goo.gl/fbAQLP

exports[`Badge match snapshot 1`] = `
<span
  class="rounded-full bg-gray-400 px-2 text-gray-200"
>
  Test 1
</span>
`;
