// Jest Snapshot v1, https://goo.gl/fbAQLP

exports[`ButtonTest match snapshot 1`] = `
<button
  class="flex h-[3.25rem] items-center gap-2 rounded-lg bg-blue-500 px-4 text-sm font-bold text-gray-100 transition-colors hover:bg-blue-300 disabled:cursor-not-allowed disabled:bg-gray-300"
  type="button"
>
  Test
</button>
`;
