// Jest Snapshot v1, https://goo.gl/fbAQLP

exports[`Item match snapshot 1`] = `
<p
  class="text-sm text-gray-100"
>
  Test Task
</p>
`;
