// Jest Snapshot v1, https://goo.gl/fbAQLP

exports[`Badge match snapshot 1`] = `
<div>
  <div
    class="flex h-60 flex-col items-center justify-center rounded-lg border-t border-gray-400 text-gray-300"
  >
    <svg
      fill="currentColor"
      height="56"
      viewBox="0 0 256 256"
      width="56"
      xmlns="http://www.w3.org/2000/svg"
    >
      <rect
        fill="none"
        height="256"
        width="256"
      />
      <line
        fill="none"
        stroke="currentColor"
        stroke-linecap="round"
        stroke-linejoin="round"
        stroke-width="16"
        x1="96"
        x2="160"
        y1="128"
        y2="128"
      />
      <line
        fill="none"
        stroke="currentColor"
        stroke-linecap="round"
        stroke-linejoin="round"
        stroke-width="16"
        x1="96"
        x2="160"
        y1="160"
        y2="160"
      />
      <path
        d="M56,40H200a8,8,0,0,1,8,8V200a24,24,0,0,1-24,24H72a24,24,0,0,1-24-24V48A8,8,0,0,1,56,40Z"
        fill="none"
        stroke="currentColor"
        stroke-linecap="round"
        stroke-linejoin="round"
        stroke-width="16"
      />
      <line
        fill="none"
        stroke="currentColor"
        stroke-linecap="round"
        stroke-linejoin="round"
        stroke-width="16"
        x1="80"
        x2="80"
        y1="24"
        y2="56"
      />
      <line
        fill="none"
        stroke="currentColor"
        stroke-linecap="round"
        stroke-linejoin="round"
        stroke-width="16"
        x1="128"
        x2="128"
        y1="24"
        y2="56"
      />
      <line
        fill="none"
        stroke="currentColor"
        stroke-linecap="round"
        stroke-linejoin="round"
        stroke-width="16"
        x1="176"
        x2="176"
        y1="24"
        y2="56"
      />
    </svg>
     
    <strong
      class="mt-4"
    >
      Você ainda não tem tarefas cadastradas
    </strong>
    <p>
      Crie tarefas e organize seus itens a fazer
    </p>
    <small>
      Feito por
       
      <a
        class="underline text-cyan-500 underline-offset-2"
        href="https://github.com/Santosl2"
      >
        Matheus Filype
      </a>
    </small>
  </div>
</div>
`;
