// Jest Snapshot v1, https://goo.gl/fbAQLP

exports[`TextWithBadge match snapshot 1`] = `
<strong
  class="flex items-center gap-2 text-sm text-blue-300"
>
  Test
  <span
    class="rounded-full bg-gray-400 px-2 text-gray-200"
  >
    0
  </span>
</strong>
`;
